Archive member included to satisfy reference by file (symbol)

c:/program files (x86)/atmel/studio/7.0/toolchain/avr8/avr8-gnu-toolchain/bin/../lib/gcc/avr/4.9.2/avr51\libgcc.a(_exit.o)
                              C:/Program Files (x86)/Atmel/Studio/7.0/Packs/atmel/ATmega_DFP/1.0.106/gcc/dev/atmega1284p/avr51/crtatmega1284p.o (exit)
c:/program files (x86)/atmel/studio/7.0/toolchain/avr8/avr8-gnu-toolchain/bin/../lib/gcc/avr/4.9.2/avr51\libgcc.a(_tablejump2.o)
                              main.o (__tablejump2__)
c:/program files (x86)/atmel/studio/7.0/toolchain/avr8/avr8-gnu-toolchain/bin/../lib/gcc/avr/4.9.2/avr51\libgcc.a(_copy_data.o)
                              EEPROM_routines.o (__do_copy_data)
c:/program files (x86)/atmel/studio/7.0/toolchain/avr8/avr8-gnu-toolchain/bin/../lib/gcc/avr/4.9.2/avr51\libgcc.a(_clear_bss.o)
                              EEPROM_routines.o (__do_clear_bss)
c:/program files (x86)/atmel/studio/7.0/toolchain/avr8/avr8-gnu-toolchain/bin/../lib/gcc/avr/4.9.2/../../../../avr/lib/avr51\libc.a(strcpy.o)
                              main.o (strcpy)
c:/program files (x86)/atmel/studio/7.0/toolchain/avr8/avr8-gnu-toolchain/bin/../lib/gcc/avr/4.9.2/../../../../avr/lib/avr51\libc.a(itoa_ncheck.o)
                              main.o (__itoa_ncheck)
c:/program files (x86)/atmel/studio/7.0/toolchain/avr8/avr8-gnu-toolchain/bin/../lib/gcc/avr/4.9.2/../../../../avr/lib/avr51\libc.a(utoa_ncheck.o)
                              c:/program files (x86)/atmel/studio/7.0/toolchain/avr8/avr8-gnu-toolchain/bin/../lib/gcc/avr/4.9.2/../../../../avr/lib/avr51\libc.a(itoa_ncheck.o) (__utoa_common)
c:/program files (x86)/atmel/studio/7.0/toolchain/avr8/avr8-gnu-toolchain/bin/../lib/gcc/avr/4.9.2/../../../../avr/lib/avr51\libc.a(strrev.o)
                              c:/program files (x86)/atmel/studio/7.0/toolchain/avr8/avr8-gnu-toolchain/bin/../lib/gcc/avr/4.9.2/../../../../avr/lib/avr51\libc.a(utoa_ncheck.o) (strrev)

Allocating common symbols
Common symbol       size              file

IDCB_Clignotement_date
                    0x1               main.o
IDCB_Clignotement_consigne
                    0x1               main.o
LCD_currentX        0x1               lcd_driver_KS0107.o
IDCB_Desactivation_boutton
                    0x1               main.o
Previous_Button     0x1               OS.o
IDCB_Clignotement_heure
                    0x1               main.o
Button              0x1               OS.o
data_array          0xa0              EEPROM_routines.o
state               0x1               OS.o
TempsCB             0x14              OS.o
TickCB              0x14              OS.o
IDCB_Clignotement_bp
                    0x1               main.o
IDCB_Switch_Led     0x1               main.o
bufRS232            0x64              OS.o
MaCBButton          0x2               OS.o
LCD_currentY        0x1               lcd_driver_KS0107.o
USARTReception      0x1               OS.o
IDCB_Clignotement_ti
                    0x1               main.o
MaCB                0x14              OS.o
MaCBUSART           0x2               OS.o
Message_LCD         0x11              OS.o

Discarded input sections

 .data          0x00000000        0x0 C:/Program Files (x86)/Atmel/Studio/7.0/Packs/atmel/ATmega_DFP/1.0.106/gcc/dev/atmega1284p/avr51/crtatmega1284p.o
 .bss           0x00000000        0x0 C:/Program Files (x86)/Atmel/Studio/7.0/Packs/atmel/ATmega_DFP/1.0.106/gcc/dev/atmega1284p/avr51/crtatmega1284p.o
 .text          0x00000000        0x0 EEPROM_read.o
 .data          0x00000000        0x0 EEPROM_read.o
 .bss           0x00000000        0x0 EEPROM_read.o
 .text          0x00000000        0x0 EEPROM_routines.o
 .data          0x00000000        0x0 EEPROM_routines.o
 .bss           0x00000000        0x0 EEPROM_routines.o
 .text          0x00000000        0x0 EEPROM_save.o
 .data          0x00000000        0x0 EEPROM_save.o
 .bss           0x00000000        0x0 EEPROM_save.o
 .text          0x00000000        0x0 hardware.o
 .data          0x00000000        0x0 hardware.o
 .bss           0x00000000        0x0 hardware.o
 .text          0x00000000        0x0 i2c_routines.o
 .data          0x00000000        0x0 i2c_routines.o
 .bss           0x00000000        0x0 i2c_routines.o
 .text          0x00000000        0x0 lcd_driver_KS0107.o
 .data          0x00000000        0x0 lcd_driver_KS0107.o
 .bss           0x00000000        0x0 lcd_driver_KS0107.o
 .text.LCD_setInitialLineAddress
                0x00000000        0x8 lcd_driver_KS0107.o
 .text.LCD_isBusy
                0x00000000        0xc lcd_driver_KS0107.o
 .text.LCD_wait_busy
                0x00000000       0x10 lcd_driver_KS0107.o
 .text.LCD_isOff
                0x00000000        0xc lcd_driver_KS0107.o
 .text.LCD_invertPixel
                0x00000000       0x4e lcd_driver_KS0107.o
 .text.LCD_offPage
                0x00000000       0x2c lcd_driver_KS0107.o
 .text.LCD_onPage
                0x00000000       0x2c lcd_driver_KS0107.o
 .text.LCD_putsp
                0x00000000       0x3e lcd_driver_KS0107.o
 .text.LCD_off  0x00000000       0x16 lcd_driver_KS0107.o
 .text          0x00000000        0x0 lcd_graphics.o
 .data          0x00000000        0x0 lcd_graphics.o
 .bss           0x00000000        0x0 lcd_graphics.o
 .text.LCD_drawCirc
                0x00000000       0xc2 lcd_graphics.o
 .text.LCD_drawFullBMP
                0x00000000       0x44 lcd_graphics.o
 .text._LCD_absDiff
                0x00000000        0xe lcd_graphics.o
 .text._LCD_doRect
                0x00000000      0x124 lcd_graphics.o
 .text.LCD_invertRect
                0x00000000       0x26 lcd_graphics.o
 .text.LCD_clearRect
                0x00000000       0x26 lcd_graphics.o
 .text.LCD_fillRect
                0x00000000       0x26 lcd_graphics.o
 .text._LCD_doLine
                0x00000000      0x11a lcd_graphics.o
 .text.LCD_drawLine
                0x00000000       0x12 lcd_graphics.o
 .text.LCD_drawRect
                0x00000000       0x44 lcd_graphics.o
 .text.LCD_clearLine
                0x00000000       0x12 lcd_graphics.o
 .text.LCD_invertLine
                0x00000000       0x12 lcd_graphics.o
 .text._LCD_doCirc
                0x00000000       0xb4 lcd_graphics.o
 .text.LCD_fillCirc
                0x00000000        0xa lcd_graphics.o
 .text.LCD_clearCirc
                0x00000000        0xa lcd_graphics.o
 .text.LCD_putgchar
                0x00000000      0x1c6 lcd_graphics.o
 .text.LCD_putgstr
                0x00000000       0x68 lcd_graphics.o
 .text          0x00000000        0x0 main.o
 .data          0x00000000        0x0 main.o
 .bss           0x00000000        0x0 main.o
 .text.wait_100x_ms
                0x00000000       0x2a main.o
 .data.menuStrings
                0x00000000       0x4b main.o
 .text          0x00000000        0x0 OS.o
 .data          0x00000000        0x0 OS.o
 .bss           0x00000000        0x0 OS.o
 .text.OSEnregistrerCB_USART_RX
                0x00000000        0xa OS.o
 .text.OSRetirerCB_USART_RX
                0x00000000        0xa OS.o
 .bss.IDCB_ENABLE_INTERRUPT_BP
                0x00000000        0x1 OS.o
 .text          0x00000000        0x0 TIMERS.o
 .data          0x00000000        0x0 TIMERS.o
 .bss           0x00000000        0x0 TIMERS.o
 .text          0x00000000        0x0 USART.o
 .data          0x00000000        0x0 USART.o
 .bss           0x00000000        0x0 USART.o
 .text.Usart_Rx
                0x00000000       0x10 USART.o
 .text          0x00000000        0x0 c:/program files (x86)/atmel/studio/7.0/toolchain/avr8/avr8-gnu-toolchain/bin/../lib/gcc/avr/4.9.2/avr51\libgcc.a(_exit.o)
 .data          0x00000000        0x0 c:/program files (x86)/atmel/studio/7.0/toolchain/avr8/avr8-gnu-toolchain/bin/../lib/gcc/avr/4.9.2/avr51\libgcc.a(_exit.o)
 .bss           0x00000000        0x0 c:/program files (x86)/atmel/studio/7.0/toolchain/avr8/avr8-gnu-toolchain/bin/../lib/gcc/avr/4.9.2/avr51\libgcc.a(_exit.o)
 .text.libgcc.mul
                0x00000000        0x0 c:/program files (x86)/atmel/studio/7.0/toolchain/avr8/avr8-gnu-toolchain/bin/../lib/gcc/avr/4.9.2/avr51\libgcc.a(_exit.o)
 .text.libgcc.div
                0x00000000        0x0 c:/program files (x86)/atmel/studio/7.0/toolchain/avr8/avr8-gnu-toolchain/bin/../lib/gcc/avr/4.9.2/avr51\libgcc.a(_exit.o)
 .text.libgcc   0x00000000        0x0 c:/program files (x86)/atmel/studio/7.0/toolchain/avr8/avr8-gnu-toolchain/bin/../lib/gcc/avr/4.9.2/avr51\libgcc.a(_exit.o)
 .text.libgcc.prologue
                0x00000000        0x0 c:/program files (x86)/atmel/studio/7.0/toolchain/avr8/avr8-gnu-toolchain/bin/../lib/gcc/avr/4.9.2/avr51\libgcc.a(_exit.o)
 .text.libgcc.builtins
                0x00000000        0x0 c:/program files (x86)/atmel/studio/7.0/toolchain/avr8/avr8-gnu-toolchain/bin/../lib/gcc/avr/4.9.2/avr51\libgcc.a(_exit.o)
 .text.libgcc.fmul
                0x00000000        0x0 c:/program files (x86)/atmel/studio/7.0/toolchain/avr8/avr8-gnu-toolchain/bin/../lib/gcc/avr/4.9.2/avr51\libgcc.a(_exit.o)
 .text.libgcc.fixed
                0x00000000        0x0 c:/program files (x86)/atmel/studio/7.0/toolchain/avr8/avr8-gnu-toolchain/bin/../lib/gcc/avr/4.9.2/avr51\libgcc.a(_exit.o)
 .text          0x00000000        0x0 c:/program files (x86)/atmel/studio/7.0/toolchain/avr8/avr8-gnu-toolchain/bin/../lib/gcc/avr/4.9.2/avr51\libgcc.a(_tablejump2.o)
 .data          0x00000000        0x0 c:/program files (x86)/atmel/studio/7.0/toolchain/avr8/avr8-gnu-toolchain/bin/../lib/gcc/avr/4.9.2/avr51\libgcc.a(_tablejump2.o)
 .bss           0x00000000        0x0 c:/program files (x86)/atmel/studio/7.0/toolchain/avr8/avr8-gnu-toolchain/bin/../lib/gcc/avr/4.9.2/avr51\libgcc.a(_tablejump2.o)
 .text.libgcc.mul
                0x00000000        0x0 c:/program files (x86)/atmel/studio/7.0/toolchain/avr8/avr8-gnu-toolchain/bin/../lib/gcc/avr/4.9.2/avr51\libgcc.a(_tablejump2.o)
 .text.libgcc.div
                0x00000000        0x0 c:/program files (x86)/atmel/studio/7.0/toolchain/avr8/avr8-gnu-toolchain/bin/../lib/gcc/avr/4.9.2/avr51\libgcc.a(_tablejump2.o)
 .text.libgcc.prologue
                0x00000000        0x0 c:/program files (x86)/atmel/studio/7.0/toolchain/avr8/avr8-gnu-toolchain/bin/../lib/gcc/avr/4.9.2/avr51\libgcc.a(_tablejump2.o)
 .text.libgcc.builtins
                0x00000000        0x0 c:/program files (x86)/atmel/studio/7.0/toolchain/avr8/avr8-gnu-toolchain/bin/../lib/gcc/avr/4.9.2/avr51\libgcc.a(_tablejump2.o)
 .text.libgcc.fmul
                0x00000000        0x0 c:/program files (x86)/atmel/studio/7.0/toolchain/avr8/avr8-gnu-toolchain/bin/../lib/gcc/avr/4.9.2/avr51\libgcc.a(_tablejump2.o)
 .text.libgcc.fixed
                0x00000000        0x0 c:/program files (x86)/atmel/studio/7.0/toolchain/avr8/avr8-gnu-toolchain/bin/../lib/gcc/avr/4.9.2/avr51\libgcc.a(_tablejump2.o)
 .text          0x00000000        0x0 c:/program files (x86)/atmel/studio/7.0/toolchain/avr8/avr8-gnu-toolchain/bin/../lib/gcc/avr/4.9.2/avr51\libgcc.a(_copy_data.o)
 .data          0x00000000        0x0 c:/program files (x86)/atmel/studio/7.0/toolchain/avr8/avr8-gnu-toolchain/bin/../lib/gcc/avr/4.9.2/avr51\libgcc.a(_copy_data.o)
 .bss           0x00000000        0x0 c:/program files (x86)/atmel/studio/7.0/toolchain/avr8/avr8-gnu-toolchain/bin/../lib/gcc/avr/4.9.2/avr51\libgcc.a(_copy_data.o)
 .text.libgcc.mul
                0x00000000        0x0 c:/program files (x86)/atmel/studio/7.0/toolchain/avr8/avr8-gnu-toolchain/bin/../lib/gcc/avr/4.9.2/avr51\libgcc.a(_copy_data.o)
 .text.libgcc.div
                0x00000000        0x0 c:/program files (x86)/atmel/studio/7.0/toolchain/avr8/avr8-gnu-toolchain/bin/../lib/gcc/avr/4.9.2/avr51\libgcc.a(_copy_data.o)
 .text.libgcc   0x00000000        0x0 c:/program files (x86)/atmel/studio/7.0/toolchain/avr8/avr8-gnu-toolchain/bin/../lib/gcc/avr/4.9.2/avr51\libgcc.a(_copy_data.o)
 .text.libgcc.prologue
                0x00000000        0x0 c:/program files (x86)/atmel/studio/7.0/toolchain/avr8/avr8-gnu-toolchain/bin/../lib/gcc/avr/4.9.2/avr51\libgcc.a(_copy_data.o)
 .text.libgcc.builtins
                0x00000000        0x0 c:/program files (x86)/atmel/studio/7.0/toolchain/avr8/avr8-gnu-toolchain/bin/../lib/gcc/avr/4.9.2/avr51\libgcc.a(_copy_data.o)
 .text.libgcc.fmul
                0x00000000        0x0 c:/program files (x86)/atmel/studio/7.0/toolchain/avr8/avr8-gnu-toolchain/bin/../lib/gcc/avr/4.9.2/avr51\libgcc.a(_copy_data.o)
 .text.libgcc.fixed
                0x00000000        0x0 c:/program files (x86)/atmel/studio/7.0/toolchain/avr8/avr8-gnu-toolchain/bin/../lib/gcc/avr/4.9.2/avr51\libgcc.a(_copy_data.o)
 .text          0x00000000        0x0 c:/program files (x86)/atmel/studio/7.0/toolchain/avr8/avr8-gnu-toolchain/bin/../lib/gcc/avr/4.9.2/avr51\libgcc.a(_clear_bss.o)
 .data          0x00000000        0x0 c:/program files (x86)/atmel/studio/7.0/toolchain/avr8/avr8-gnu-toolchain/bin/../lib/gcc/avr/4.9.2/avr51\libgcc.a(_clear_bss.o)
 .bss           0x00000000        0x0 c:/program files (x86)/atmel/studio/7.0/toolchain/avr8/avr8-gnu-toolchain/bin/../lib/gcc/avr/4.9.2/avr51\libgcc.a(_clear_bss.o)
 .text.libgcc.mul
                0x00000000        0x0 c:/program files (x86)/atmel/studio/7.0/toolchain/avr8/avr8-gnu-toolchain/bin/../lib/gcc/avr/4.9.2/avr51\libgcc.a(_clear_bss.o)
 .text.libgcc.div
                0x00000000        0x0 c:/program files (x86)/atmel/studio/7.0/toolchain/avr8/avr8-gnu-toolchain/bin/../lib/gcc/avr/4.9.2/avr51\libgcc.a(_clear_bss.o)
 .text.libgcc   0x00000000        0x0 c:/program files (x86)/atmel/studio/7.0/toolchain/avr8/avr8-gnu-toolchain/bin/../lib/gcc/avr/4.9.2/avr51\libgcc.a(_clear_bss.o)
 .text.libgcc.prologue
                0x00000000        0x0 c:/program files (x86)/atmel/studio/7.0/toolchain/avr8/avr8-gnu-toolchain/bin/../lib/gcc/avr/4.9.2/avr51\libgcc.a(_clear_bss.o)
 .text.libgcc.builtins
                0x00000000        0x0 c:/program files (x86)/atmel/studio/7.0/toolchain/avr8/avr8-gnu-toolchain/bin/../lib/gcc/avr/4.9.2/avr51\libgcc.a(_clear_bss.o)
 .text.libgcc.fmul
                0x00000000        0x0 c:/program files (x86)/atmel/studio/7.0/toolchain/avr8/avr8-gnu-toolchain/bin/../lib/gcc/avr/4.9.2/avr51\libgcc.a(_clear_bss.o)
 .text.libgcc.fixed
                0x00000000        0x0 c:/program files (x86)/atmel/studio/7.0/toolchain/avr8/avr8-gnu-toolchain/bin/../lib/gcc/avr/4.9.2/avr51\libgcc.a(_clear_bss.o)
 .text          0x00000000        0x0 c:/program files (x86)/atmel/studio/7.0/toolchain/avr8/avr8-gnu-toolchain/bin/../lib/gcc/avr/4.9.2/../../../../avr/lib/avr51\libc.a(strcpy.o)
 .data          0x00000000        0x0 c:/program files (x86)/atmel/studio/7.0/toolchain/avr8/avr8-gnu-toolchain/bin/../lib/gcc/avr/4.9.2/../../../../avr/lib/avr51\libc.a(strcpy.o)
 .bss           0x00000000        0x0 c:/program files (x86)/atmel/studio/7.0/toolchain/avr8/avr8-gnu-toolchain/bin/../lib/gcc/avr/4.9.2/../../../../avr/lib/avr51\libc.a(strcpy.o)
 .text          0x00000000        0x0 c:/program files (x86)/atmel/studio/7.0/toolchain/avr8/avr8-gnu-toolchain/bin/../lib/gcc/avr/4.9.2/../../../../avr/lib/avr51\libc.a(itoa_ncheck.o)
 .data          0x00000000        0x0 c:/program files (x86)/atmel/studio/7.0/toolchain/avr8/avr8-gnu-toolchain/bin/../lib/gcc/avr/4.9.2/../../../../avr/lib/avr51\libc.a(itoa_ncheck.o)
 .bss           0x00000000        0x0 c:/program files (x86)/atmel/studio/7.0/toolchain/avr8/avr8-gnu-toolchain/bin/../lib/gcc/avr/4.9.2/../../../../avr/lib/avr51\libc.a(itoa_ncheck.o)
 .text          0x00000000        0x0 c:/program files (x86)/atmel/studio/7.0/toolchain/avr8/avr8-gnu-toolchain/bin/../lib/gcc/avr/4.9.2/../../../../avr/lib/avr51\libc.a(utoa_ncheck.o)
 .data          0x00000000        0x0 c:/program files (x86)/atmel/studio/7.0/toolchain/avr8/avr8-gnu-toolchain/bin/../lib/gcc/avr/4.9.2/../../../../avr/lib/avr51\libc.a(utoa_ncheck.o)
 .bss           0x00000000        0x0 c:/program files (x86)/atmel/studio/7.0/toolchain/avr8/avr8-gnu-toolchain/bin/../lib/gcc/avr/4.9.2/../../../../avr/lib/avr51\libc.a(utoa_ncheck.o)
 .text          0x00000000        0x0 c:/program files (x86)/atmel/studio/7.0/toolchain/avr8/avr8-gnu-toolchain/bin/../lib/gcc/avr/4.9.2/../../../../avr/lib/avr51\libc.a(strrev.o)
 .data          0x00000000        0x0 c:/program files (x86)/atmel/studio/7.0/toolchain/avr8/avr8-gnu-toolchain/bin/../lib/gcc/avr/4.9.2/../../../../avr/lib/avr51\libc.a(strrev.o)
 .bss           0x00000000        0x0 c:/program files (x86)/atmel/studio/7.0/toolchain/avr8/avr8-gnu-toolchain/bin/../lib/gcc/avr/4.9.2/../../../../avr/lib/avr51\libc.a(strrev.o)

Memory Configuration

Name             Origin             Length             Attributes
text             0x00000000         0x00020000         xr
data             0x00800100         0x0000ff00         rw !x
eeprom           0x00810000         0x00010000         rw !x
fuse             0x00820000         0x00000400         rw !x
lock             0x00830000         0x00000400         rw !x
signature        0x00840000         0x00000400         rw !x
user_signatures  0x00850000         0x00000400         rw !x
*default*        0x00000000         0xffffffff

Linker script and memory map

Address of section .data set to 0x800100
LOAD C:/Program Files (x86)/Atmel/Studio/7.0/Packs/atmel/ATmega_DFP/1.0.106/gcc/dev/atmega1284p/avr51/crtatmega1284p.o
LOAD EEPROM_read.o
LOAD EEPROM_routines.o
LOAD EEPROM_save.o
LOAD hardware.o
LOAD i2c_routines.o
LOAD lcd_driver_KS0107.o
LOAD lcd_graphics.o
LOAD main.o
LOAD OS.o
LOAD TIMERS.o
LOAD USART.o
START GROUP
LOAD c:/program files (x86)/atmel/studio/7.0/toolchain/avr8/avr8-gnu-toolchain/bin/../lib/gcc/avr/4.9.2/../../../../avr/lib/avr51\libm.a
END GROUP
START GROUP
LOAD c:/program files (x86)/atmel/studio/7.0/toolchain/avr8/avr8-gnu-toolchain/bin/../lib/gcc/avr/4.9.2/avr51\libgcc.a
LOAD c:/program files (x86)/atmel/studio/7.0/toolchain/avr8/avr8-gnu-toolchain/bin/../lib/gcc/avr/4.9.2/../../../../avr/lib/avr51\libm.a
LOAD c:/program files (x86)/atmel/studio/7.0/toolchain/avr8/avr8-gnu-toolchain/bin/../lib/gcc/avr/4.9.2/../../../../avr/lib/avr51\libc.a
LOAD C:/Program Files (x86)/Atmel/Studio/7.0/Packs/atmel/ATmega_DFP/1.0.106/gcc/dev/atmega1284p/avr51\libatmega1284p.a
END GROUP
                0x00020000                __TEXT_REGION_LENGTH__ = DEFINED (__TEXT_REGION_LENGTH__)?__TEXT_REGION_LENGTH__:0x20000
                0x0000ff00                __DATA_REGION_LENGTH__ = DEFINED (__DATA_REGION_LENGTH__)?__DATA_REGION_LENGTH__:0xff00
                0x00010000                __EEPROM_REGION_LENGTH__ = DEFINED (__EEPROM_REGION_LENGTH__)?__EEPROM_REGION_LENGTH__:0x10000
                0x00000400                __FUSE_REGION_LENGTH__ = DEFINED (__FUSE_REGION_LENGTH__)?__FUSE_REGION_LENGTH__:0x400
                0x00000400                __LOCK_REGION_LENGTH__ = DEFINED (__LOCK_REGION_LENGTH__)?__LOCK_REGION_LENGTH__:0x400
                0x00000400                __SIGNATURE_REGION_LENGTH__ = DEFINED (__SIGNATURE_REGION_LENGTH__)?__SIGNATURE_REGION_LENGTH__:0x400
                0x00000400                __USER_SIGNATURE_REGION_LENGTH__ = DEFINED (__USER_SIGNATURE_REGION_LENGTH__)?__USER_SIGNATURE_REGION_LENGTH__:0x400

.hash
 *(.hash)

.dynsym
 *(.dynsym)

.dynstr
 *(.dynstr)

.gnu.version
 *(.gnu.version)

.gnu.version_d
 *(.gnu.version_d)

.gnu.version_r
 *(.gnu.version_r)

.rel.init
 *(.rel.init)

.rela.init
 *(.rela.init)

.rel.text
 *(.rel.text)
 *(.rel.text.*)
 *(.rel.gnu.linkonce.t*)

.rela.text
 *(.rela.text)
 *(.rela.text.*)
 *(.rela.gnu.linkonce.t*)

.rel.fini
 *(.rel.fini)

.rela.fini
 *(.rela.fini)

.rel.rodata
 *(.rel.rodata)
 *(.rel.rodata.*)
 *(.rel.gnu.linkonce.r*)

.rela.rodata
 *(.rela.rodata)
 *(.rela.rodata.*)
 *(.rela.gnu.linkonce.r*)

.rel.data
 *(.rel.data)
 *(.rel.data.*)
 *(.rel.gnu.linkonce.d*)

.rela.data
 *(.rela.data)
 *(.rela.data.*)
 *(.rela.gnu.linkonce.d*)

.rel.ctors
 *(.rel.ctors)

.rela.ctors
 *(.rela.ctors)

.rel.dtors
 *(.rel.dtors)

.rela.dtors
 *(.rela.dtors)

.rel.got
 *(.rel.got)

.rela.got
 *(.rela.got)

.rel.bss
 *(.rel.bss)

.rela.bss
 *(.rela.bss)

.rel.plt
 *(.rel.plt)

.rela.plt
 *(.rela.plt)

.text           0x00000000     0x4d2a
 *(.vectors)
 .vectors       0x00000000       0x8c C:/Program Files (x86)/Atmel/Studio/7.0/Packs/atmel/ATmega_DFP/1.0.106/gcc/dev/atmega1284p/avr51/crtatmega1284p.o
                0x00000000                __vector_default
                0x00000000                __vectors
 *(.vectors)
 *(.progmem.gcc*)
 .progmem.gcc_sw_table.clignotementdate
                0x0000008c       0x10 main.o
                0x0000009c                . = ALIGN (0x2)
                0x0000009c                __trampolines_start = .
 *(.trampolines)
 .trampolines   0x0000009c        0x0 linker stubs
 *(.trampolines*)
                0x0000009c                __trampolines_end = .
 *libprintf_flt.a:*(.progmem.data)
 *libc.a:*(.progmem.data)
 *(.progmem*)
 .progmem.data.Font5x7
                0x0000009c      0x1e0 lcd_driver_KS0107.o
 .progmem.data.HELHa_glcd_bmp
                0x0000027c      0x1d8 main.o
 .progmem.data.Menu_State
                0x00000454      0x1d1 OS.o
                0x00000454                Menu_State
 .progmem.data.menu_nextstate
                0x00000625      0x26a OS.o
                0x00000625                menu_nextstate
                0x00000890                . = ALIGN (0x2)
 *fill*         0x0000088f        0x1 
 *(.jumptables)
 *(.jumptables*)
 *(.lowtext)
 *(.lowtext*)
                0x00000890                __ctors_start = .
 *(.ctors)
                0x00000890                __ctors_end = .
                0x00000890                __dtors_start = .
 *(.dtors)
                0x00000890                __dtors_end = .
 SORT(*)(.ctors)
 SORT(*)(.dtors)
 *(.init0)
 .init0         0x00000890        0x0 C:/Program Files (x86)/Atmel/Studio/7.0/Packs/atmel/ATmega_DFP/1.0.106/gcc/dev/atmega1284p/avr51/crtatmega1284p.o
                0x00000890                __init
 *(.init0)
 *(.init1)
 *(.init1)
 *(.init2)
 .init2         0x00000890        0xc C:/Program Files (x86)/Atmel/Studio/7.0/Packs/atmel/ATmega_DFP/1.0.106/gcc/dev/atmega1284p/avr51/crtatmega1284p.o
 *(.init2)
 *(.init3)
 *(.init3)
 *(.init4)
 .init4         0x0000089c       0x1a c:/program files (x86)/atmel/studio/7.0/toolchain/avr8/avr8-gnu-toolchain/bin/../lib/gcc/avr/4.9.2/avr51\libgcc.a(_copy_data.o)
                0x0000089c                __do_copy_data
 .init4         0x000008b6       0x10 c:/program files (x86)/atmel/studio/7.0/toolchain/avr8/avr8-gnu-toolchain/bin/../lib/gcc/avr/4.9.2/avr51\libgcc.a(_clear_bss.o)
                0x000008b6                __do_clear_bss
 *(.init4)
 *(.init5)
 *(.init5)
 *(.init6)
 *(.init6)
 *(.init7)
 *(.init7)
 *(.init8)
 *(.init8)
 *(.init9)
 .init9         0x000008c6        0x8 C:/Program Files (x86)/Atmel/Studio/7.0/Packs/atmel/ATmega_DFP/1.0.106/gcc/dev/atmega1284p/avr51/crtatmega1284p.o
 *(.init9)
 *(.text)
 .text          0x000008ce        0x2 C:/Program Files (x86)/Atmel/Studio/7.0/Packs/atmel/ATmega_DFP/1.0.106/gcc/dev/atmega1284p/avr51/crtatmega1284p.o
                0x000008ce                __vector_22
                0x000008ce                __vector_28
                0x000008ce                __vector_1
                0x000008ce                __vector_32
                0x000008ce                __vector_34
                0x000008ce                __vector_24
                0x000008ce                __vector_12
                0x000008ce                __bad_interrupt
                0x000008ce                __vector_6
                0x000008ce                __vector_31
                0x000008ce                __vector_3
                0x000008ce                __vector_23
                0x000008ce                __vector_30
                0x000008ce                __vector_25
                0x000008ce                __vector_11
                0x000008ce                __vector_13
                0x000008ce                __vector_17
                0x000008ce                __vector_19
                0x000008ce                __vector_7
                0x000008ce                __vector_27
                0x000008ce                __vector_33
                0x000008ce                __vector_4
                0x000008ce                __vector_9
                0x000008ce                __vector_2
                0x000008ce                __vector_21
                0x000008ce                __vector_29
                0x000008ce                __vector_8
                0x000008ce                __vector_26
                0x000008ce                __vector_14
                0x000008ce                __vector_10
                0x000008ce                __vector_16
                0x000008ce                __vector_18
                0x000008d0                . = ALIGN (0x2)
 *(.text.*)
 .text.EEPROM_read_consigne
                0x000008d0       0x24 EEPROM_read.o
                0x000008d0                EEPROM_read_consigne
 .text.EEPROM_read_out
                0x000008f4       0x24 EEPROM_read.o
                0x000008f4                EEPROM_read_out
 .text.EEPROM_read_alarme_high
                0x00000918       0x24 EEPROM_read.o
                0x00000918                EEPROM_read_alarme_high
 .text.EEPROM_read_alarme_low
                0x0000093c       0x24 EEPROM_read.o
                0x0000093c                EEPROM_read_alarme_low
 .text.EEPROM_read_hysteresis_high
                0x00000960       0x24 EEPROM_read.o
                0x00000960                EEPROM_read_hysteresis_high
 .text.EEPROM_read_hysteresis_low
                0x00000984       0x24 EEPROM_read.o
                0x00000984                EEPROM_read_hysteresis_low
 .text.EEPROM_read_bp
                0x000009a8       0x24 EEPROM_read.o
                0x000009a8                EEPROM_read_bp
 .text.EEPROM_read_ti
                0x000009cc       0x34 EEPROM_read.o
                0x000009cc                EEPROM_read_ti
 .text.EEPROM_read_td
                0x00000a00       0x34 EEPROM_read.o
                0x00000a00                EEPROM_read_td
 .text.EEPROM_read_te
                0x00000a34       0x34 EEPROM_read.o
                0x00000a34                EEPROM_read_te
 .text.EEPROM_read_out0
                0x00000a68       0x24 EEPROM_read.o
                0x00000a68                EEPROM_read_out0
 .text.EEPROM_read_recurrence_a
                0x00000a8c      0x2d4 EEPROM_read.o
                0x00000a8c                EEPROM_read_recurrence_a
 .text.EEPROM_read_recurrence_b
                0x00000d60      0x2d4 EEPROM_read.o
                0x00000d60                EEPROM_read_recurrence_b
 .text.EEPROM_read
                0x00001034      0x124 EEPROM_routines.o
                0x00001034                EEPROM_read
 .text.EEPROM_write
                0x00001158       0xbc EEPROM_routines.o
                0x00001158                EEPROM_write
 .text.EEPROM_save_consigne
                0x00001214       0x24 EEPROM_save.o
                0x00001214                EEPROM_save_consigne
 .text.EEPROM_save_out
                0x00001238       0x24 EEPROM_save.o
                0x00001238                EEPROM_save_out
 .text.EEPROM_save_alarme_high
                0x0000125c       0x24 EEPROM_save.o
                0x0000125c                EEPROM_save_alarme_high
 .text.EEPROM_save_alarme_low
                0x00001280       0x24 EEPROM_save.o
                0x00001280                EEPROM_save_alarme_low
 .text.EEPROM_save_hysteresis_high
                0x000012a4       0x24 EEPROM_save.o
                0x000012a4                EEPROM_save_hysteresis_high
 .text.EEPROM_save_hysteresis_low
                0x000012c8       0x24 EEPROM_save.o
                0x000012c8                EEPROM_save_hysteresis_low
 .text.EEPROM_save_bp
                0x000012ec       0x24 EEPROM_save.o
                0x000012ec                EEPROM_save_bp
 .text.EEPROM_save_ti
                0x00001310       0x34 EEPROM_save.o
                0x00001310                EEPROM_save_ti
 .text.EEPROM_save_td
                0x00001344       0x34 EEPROM_save.o
                0x00001344                EEPROM_save_td
 .text.EEPROM_save_te
                0x00001378       0x34 EEPROM_save.o
                0x00001378                EEPROM_save_te
 .text.EEPROM_save_out0
                0x000013ac       0x24 EEPROM_save.o
                0x000013ac                EEPROM_save_out0
 .text.EEPROM_save_recurrence_a
                0x000013d0      0x2d4 EEPROM_save.o
                0x000013d0                EEPROM_save_recurrence_a
 .text.EEPROM_save_recurrence_b
                0x000016a4      0x2d4 EEPROM_save.o
                0x000016a4                EEPROM_save_recurrence_b
 .text.initialize_sortie
                0x00001978       0x14 hardware.o
                0x00001978                initialize_sortie
 .text.initialize_entree
                0x0000198c        0xe hardware.o
                0x0000198c                initialize_entree
 .text.twi_init
                0x0000199a       0x16 i2c_routines.o
                0x0000199a                twi_init
 .text.i2c_start
                0x000019b0       0x20 i2c_routines.o
                0x000019b0                i2c_start
 .text.i2c_repeatStart
                0x000019d0       0x20 i2c_routines.o
                0x000019d0                i2c_repeatStart
 .text.i2c_sendAddress
                0x000019f0       0x2e i2c_routines.o
                0x000019f0                i2c_sendAddress
 .text.i2c_sendData
                0x00001a1e       0x24 i2c_routines.o
                0x00001a1e                i2c_sendData
 .text.i2c_receiveData_ACK
                0x00001a42       0x24 i2c_routines.o
                0x00001a42                i2c_receiveData_ACK
 .text.i2c_receiveData_NACK
                0x00001a66       0x24 i2c_routines.o
                0x00001a66                i2c_receiveData_NACK
 .text.i2c_stop
                0x00001a8a        0x8 i2c_routines.o
                0x00001a8a                i2c_stop
 .text.LCD_wait_execution
                0x00001a92       0x1e lcd_driver_KS0107.o
                0x00001a92                LCD_wait_execution
 .text.LCD_sendCommand
                0x00001ab0       0x10 lcd_driver_KS0107.o
                0x00001ab0                LCD_sendCommand
 .text.LCD_setPageAddress
                0x00001ac0        0x6 lcd_driver_KS0107.o
                0x00001ac0                LCD_setPageAddress
 .text.LCD_selectLeftChip
                0x00001ac6        0x6 lcd_driver_KS0107.o
                0x00001ac6                LCD_selectLeftChip
 .text.LCD_selectRightChip
                0x00001acc        0x6 lcd_driver_KS0107.o
                0x00001acc                LCD_selectRightChip
 .text.LCD_setColumnAddress
                0x00001ad2       0x20 lcd_driver_KS0107.o
                0x00001ad2                LCD_setColumnAddress
 .text.LCD_selectChip
                0x00001af2       0x10 lcd_driver_KS0107.o
                0x00001af2                LCD_selectChip
 .text.LCD_readStatus
                0x00001b02       0x1e lcd_driver_KS0107.o
                0x00001b02                LCD_readStatus
 .text.LCD_isReseting
                0x00001b20        0x8 lcd_driver_KS0107.o
                0x00001b20                LCD_isReseting
 .text.LCD_setCursorXY
                0x00001b28       0x26 lcd_driver_KS0107.o
                0x00001b28                LCD_setCursorXY
 .text.LCD_writeByte
                0x00001b4e       0x30 lcd_driver_KS0107.o
                0x00001b4e                LCD_writeByte
 .text._LCD_readByte
                0x00001b7e       0x38 lcd_driver_KS0107.o
                0x00001b7e                _LCD_readByte
 .text.LCD_readByte
                0x00001bb6        0x6 lcd_driver_KS0107.o
                0x00001bb6                LCD_readByte
 .text.LCD_allPagesOn
                0x00001bbc       0x2a lcd_driver_KS0107.o
                0x00001bbc                LCD_allPagesOn
 .text.LCD_clr  0x00001be6        0x6 lcd_driver_KS0107.o
                0x00001be6                LCD_clr
 .text.LCD_pixelOn
                0x00001bec       0x20 lcd_driver_KS0107.o
                0x00001bec                LCD_pixelOn
 .text.LCD_pixelOff
                0x00001c0c       0x22 lcd_driver_KS0107.o
                0x00001c0c                LCD_pixelOff
 .text.LCD_invertPage
                0x00001c2e       0x2a lcd_driver_KS0107.o
                0x00001c2e                LCD_invertPage
 .text.LCD_putchar
                0x00001c58       0x62 lcd_driver_KS0107.o
                0x00001c58                LCD_putchar
 .text.LCD_puts
                0x00001cba       0x3e lcd_driver_KS0107.o
                0x00001cba                LCD_puts
 .text.LCD_on   0x00001cf8        0xe lcd_driver_KS0107.o
                0x00001cf8                LCD_on
 .text.LCD_init
                0x00001d06       0x20 lcd_driver_KS0107.o
                0x00001d06                LCD_init
 .text.LCD_copyPixelTo
                0x00001d26       0x4e lcd_graphics.o
                0x00001d26                LCD_copyPixelTo
 .text.LCD_writeByteXY
                0x00001d74       0x50 lcd_graphics.o
                0x00001d74                LCD_writeByteXY
 .text.LCD_copyPageTo
                0x00001dc4       0x62 lcd_graphics.o
                0x00001dc4                LCD_copyPageTo
 .text.LCD_drawBMP
                0x00001e26       0xc0 lcd_graphics.o
                0x00001e26                LCD_drawBMP
 .text.Switch_Led
                0x00001ee6        0x4 main.o
                0x00001ee6                Switch_Led
 .text.clignotementheure
                0x00001eea       0x64 main.o
                0x00001eea                clignotementheure
 .text.clignotementdate
                0x00001f4e       0x66 main.o
                0x00001f4e                clignotementdate
 .text.clignotementbp
                0x00001fb4       0x36 main.o
                0x00001fb4                clignotementbp
 .text.clignotementti
                0x00001fea       0x58 main.o
                0x00001fea                clignotementti
 .text.clignotementconsigne
                0x00002042       0x36 main.o
                0x00002042                clignotementconsigne
 .text.main     0x00002078       0xb8 main.o
                0x00002078                main
 .text.Desactivation_boutton
                0x00002130       0x1a main.o
                0x00002130                Desactivation_boutton
 .text.Fct_menu
                0x0000214a       0x9e main.o
                0x0000214a                Fct_menu
 .text.Fct_auto
                0x000021e8       0xb8 main.o
                0x000021e8                Fct_auto
 .text.Fct_auto_consigne_change
                0x000022a0      0x15c main.o
                0x000022a0                Fct_auto_consigne_change
 .text.Fct_manu
                0x000023fc       0x3a main.o
                0x000023fc                Fct_manu
 .text.Fct_identification
                0x00002436       0x2a main.o
                0x00002436                Fct_identification
 .text.Fct_out  0x00002460       0xb2 main.o
                0x00002460                Fct_out
 .text.Fct_out_change
                0x00002512      0x15c main.o
                0x00002512                Fct_out_change
 .text.Fct_parameters
                0x0000266e       0x42 main.o
                0x0000266e                Fct_parameters
 .text.Fct_capteur
                0x000026b0      0x172 main.o
                0x000026b0                Fct_capteur
 .text.Fct_temperature
                0x00002822       0x30 main.o
                0x00002822                Fct_temperature
 .text.Fct_luminosite
                0x00002852       0x30 main.o
                0x00002852                Fct_luminosite
 .text.Fct_humidite
                0x00002882       0x30 main.o
                0x00002882                Fct_humidite
 .text.Fct_adc  0x000028b2       0x30 main.o
                0x000028b2                Fct_adc
 .text.Fct_output
                0x000028e2       0xf6 main.o
                0x000028e2                Fct_output
 .text.Fct_pwm  0x000029d8       0x30 main.o
                0x000029d8                Fct_pwm
 .text.Fct_relais
                0x00002a08       0x30 main.o
                0x00002a08                Fct_relais
 .text.Fct_analogique
                0x00002a38       0x30 main.o
                0x00002a38                Fct_analogique
 .text.Fct_alarme
                0x00002a68       0x42 main.o
                0x00002a68                Fct_alarme
 .text.Fct_alarme_high
                0x00002aaa       0xb6 main.o
                0x00002aaa                Fct_alarme_high
 .text.Fct_alarme_high_change
                0x00002b60      0x168 main.o
                0x00002b60                Fct_alarme_high_change
 .text.Fct_alarme_low
                0x00002cc8       0xca main.o
                0x00002cc8                Fct_alarme_low
 .text.Fct_alarme_low_change
                0x00002d92      0x174 main.o
                0x00002d92                Fct_alarme_low_change
 .text.Fct_alarme_stop
                0x00002f06       0x38 main.o
                0x00002f06                Fct_alarme_stop
 .text.Fct_reg_settings
                0x00002f3e       0x5c main.o
                0x00002f3e                Fct_reg_settings
 .text.Fct_recurrence
                0x00002f9a       0x9c main.o
                0x00002f9a                Fct_recurrence
 .text.Fct_recurrence_change_a
                0x00003036       0x6a main.o
                0x00003036                Fct_recurrence_change_a
 .text.Fct_recurrence_change_b
                0x000030a0       0x6a main.o
                0x000030a0                Fct_recurrence_change_b
 .text.Fct_pid  0x0000310a       0x58 main.o
                0x0000310a                Fct_pid
 .text.Fct_pid_bp
                0x00003162       0xca main.o
                0x00003162                Fct_pid_bp
 .text.Fct_pid_bp_change
                0x0000322c      0x174 main.o
                0x0000322c                Fct_pid_bp_change
 .text.Fct_pid_ti
                0x000033a0       0xf6 main.o
                0x000033a0                Fct_pid_ti
 .text.Fct_pid_ti_change
                0x00003496      0x1c0 main.o
                0x00003496                Fct_pid_ti_change
 .text.Fct_pid_td
                0x00003656       0xf6 main.o
                0x00003656                Fct_pid_td
 .text.Fct_pid_td_change
                0x0000374c      0x1bc main.o
                0x0000374c                Fct_pid_td_change
 .text.Fct_pid_te
                0x00003908       0xf6 main.o
                0x00003908                Fct_pid_te
 .text.Fct_pid_te_change
                0x000039fe      0x1bc main.o
                0x000039fe                Fct_pid_te_change
 .text.Fct_pid_out0
                0x00003bba       0xca main.o
                0x00003bba                Fct_pid_out0
 .text.Fct_pid_out0_change
                0x00003c84      0x15e main.o
                0x00003c84                Fct_pid_out0_change
 .text.Fct_hysteresis
                0x00003de2       0x48 main.o
                0x00003de2                Fct_hysteresis
 .text.Fct_hysteresis_high
                0x00003e2a       0xc4 main.o
                0x00003e2a                Fct_hysteresis_high
 .text.Fct_hysteresis_high_change
                0x00003eee      0x154 main.o
                0x00003eee                Fct_hysteresis_high_change
 .text.Fct_hysteresis_low
                0x00004042       0xc4 main.o
                0x00004042                Fct_hysteresis_low
 .text.Fct_hysteresis_low_change
                0x00004106      0x154 main.o
                0x00004106                Fct_hysteresis_low_change
 .text.Fct_time_date
                0x0000425a      0x1fc main.o
                0x0000425a                Fct_time_date
 .text.Fct_time_change
                0x00004456      0x14c main.o
                0x00004456                Fct_time_change
 .text.Fct_date_change
                0x000045a2      0x190 main.o
                0x000045a2                Fct_date_change
 .text.OSInitialiser
                0x00004732       0x30 OS.o
                0x00004732                OSInitialiser
 .text.OSEnregistrerCB_TIMER
                0x00004762       0x58 OS.o
                0x00004762                OSEnregistrerCB_TIMER
 .text.OSRetirerCB_TIMER
                0x000047ba       0x20 OS.o
                0x000047ba                OSRetirerCB_TIMER
 .text.StateMachine
                0x000047da       0x78 OS.o
                0x000047da                StateMachine
 .text.OSStart  0x00004852      0x14e OS.o
                0x00004852                OSStart
 .text.__vector_15
                0x000049a0       0x62 OS.o
                0x000049a0                __vector_15
 .text.__vector_5
                0x00004a02      0x13c OS.o
                0x00004a02                __vector_5
 .text.__vector_20
                0x00004b3e       0xc8 OS.o
                0x00004b3e                __vector_20
 .text.TIMER1_Init_1ms
                0x00004c06       0x22 TIMERS.o
                0x00004c06                TIMER1_Init_1ms
 .text.USART_Init_19200
                0x00004c28       0x2a USART.o
                0x00004c28                USART_Init_19200
 .text.USART_Delay
                0x00004c52        0xc USART.o
                0x00004c52                USART_Delay
 .text.Usart_Tx
                0x00004c5e        0xe USART.o
                0x00004c5e                Usart_Tx
 .text.Usart_Tx_String
                0x00004c6c       0x34 USART.o
                0x00004c6c                Usart_Tx_String
 .text.libgcc   0x00004ca0       0x12 c:/program files (x86)/atmel/studio/7.0/toolchain/avr8/avr8-gnu-toolchain/bin/../lib/gcc/avr/4.9.2/avr51\libgcc.a(_tablejump2.o)
                0x00004ca0                __tablejump2__
 .text.avr-libc
                0x00004cb2        0xe c:/program files (x86)/atmel/studio/7.0/toolchain/avr8/avr8-gnu-toolchain/bin/../lib/gcc/avr/4.9.2/../../../../avr/lib/avr51\libc.a(strcpy.o)
                0x00004cb2                strcpy
 .text.avr-libc
                0x00004cc0       0x14 c:/program files (x86)/atmel/studio/7.0/toolchain/avr8/avr8-gnu-toolchain/bin/../lib/gcc/avr/4.9.2/../../../../avr/lib/avr51\libc.a(itoa_ncheck.o)
                0x00004cc0                __itoa_ncheck
 .text.avr-libc
                0x00004cd4       0x32 c:/program files (x86)/atmel/studio/7.0/toolchain/avr8/avr8-gnu-toolchain/bin/../lib/gcc/avr/4.9.2/../../../../avr/lib/avr51\libc.a(utoa_ncheck.o)
                0x00004cd4                __utoa_ncheck
                0x00004cd6                __utoa_common
 .text.avr-libc
                0x00004d06       0x20 c:/program files (x86)/atmel/studio/7.0/toolchain/avr8/avr8-gnu-toolchain/bin/../lib/gcc/avr/4.9.2/../../../../avr/lib/avr51\libc.a(strrev.o)
                0x00004d06                strrev
                0x00004d26                . = ALIGN (0x2)
 *(.fini9)
 .fini9         0x00004d26        0x0 c:/program files (x86)/atmel/studio/7.0/toolchain/avr8/avr8-gnu-toolchain/bin/../lib/gcc/avr/4.9.2/avr51\libgcc.a(_exit.o)
                0x00004d26                _exit
                0x00004d26                exit
 *(.fini9)
 *(.fini8)
 *(.fini8)
 *(.fini7)
 *(.fini7)
 *(.fini6)
 *(.fini6)
 *(.fini5)
 *(.fini5)
 *(.fini4)
 *(.fini4)
 *(.fini3)
 *(.fini3)
 *(.fini2)
 *(.fini2)
 *(.fini1)
 *(.fini1)
 *(.fini0)
 .fini0         0x00004d26        0x4 c:/program files (x86)/atmel/studio/7.0/toolchain/avr8/avr8-gnu-toolchain/bin/../lib/gcc/avr/4.9.2/avr51\libgcc.a(_exit.o)
 *(.fini0)
                0x00004d2a                _etext = .

.data           0x00800100      0x87c load address 0x00004d2a
                0x00800100                PROVIDE (__data_start, .)
 *(.data)
 *(.data*)
 .data.First.2677
                0x00800100        0x1 main.o
 .data.First.2669
                0x00800101        0x1 main.o
 .data.date     0x00800102        0x8 main.o
                0x00800102                date
 *(.rodata)
 *(.rodata*)
 .rodata.str1.1
                0x0080010a      0x120 EEPROM_routines.o
 .rodata.str1.1
                0x0080022a      0x6e8 main.o
                                0x74b (size before relaxing)
 .rodata.str1.1
                0x00800912       0x6a OS.o
 *(.gnu.linkonce.d*)
                0x0080097c                . = ALIGN (0x2)
                0x0080097c                _edata = .
                0x0080097c                PROVIDE (__data_end, .)

.bss            0x0080097c      0x25e
                0x0080097c                PROVIDE (__bss_start, .)
 *(.bss)
 *(.bss*)
 .bss.hysteresis_low_int
                0x0080097c        0x2 main.o
                0x0080097c                hysteresis_low_int
 .bss.hysteresis_high_int
                0x0080097e        0x2 main.o
                0x0080097e                hysteresis_high_int
 .bss.out0_int  0x00800980        0x2 main.o
                0x00800980                out0_int
 .bss.te_int    0x00800982        0x2 main.o
                0x00800982                te_int
 .bss.td_int    0x00800984        0x2 main.o
                0x00800984                td_int
 .bss.ti_int    0x00800986        0x2 main.o
                0x00800986                ti_int
 .bss.bp_int    0x00800988        0x2 main.o
                0x00800988                bp_int
 .bss.alarme_low_int
                0x0080098a        0x2 main.o
                0x0080098a                alarme_low_int
 .bss.alarme_high_int
                0x0080098c        0x2 main.o
                0x0080098c                alarme_high_int
 .bss.out_int   0x0080098e        0x2 main.o
                0x0080098e                out_int
 .bss.consigne_int
                0x00800990        0x2 main.o
                0x00800990                consigne_int
 .bss.sortie    0x00800992        0x1 main.o
                0x00800992                sortie
 .bss.capteur   0x00800993        0x1 main.o
                0x00800993                capteur
 .bss.position  0x00800994        0x1 main.o
                0x00800994                position
 .bss.automatique
                0x00800995        0x1 main.o
                0x00800995                automatique
 .bss.recurrence_b
                0x00800996       0x5a main.o
                0x00800996                recurrence_b
 .bss.recurrence_a
                0x008009f0       0x5a main.o
                0x008009f0                recurrence_a
 .bss.hysteresis_low
                0x00800a4a        0x3 main.o
                0x00800a4a                hysteresis_low
 .bss.hysteresis_high
                0x00800a4d        0x3 main.o
                0x00800a4d                hysteresis_high
 .bss.out0      0x00800a50        0x3 main.o
                0x00800a50                out0
 .bss.te        0x00800a53        0x5 main.o
                0x00800a53                te
 .bss.td        0x00800a58        0x5 main.o
                0x00800a58                td
 .bss.ti        0x00800a5d        0x5 main.o
                0x00800a5d                ti
 .bss.bp        0x00800a62        0x3 main.o
                0x00800a62                bp
 .bss.alarme_low
                0x00800a65        0x3 main.o
                0x00800a65                alarme_low
 .bss.alarme_high
                0x00800a68        0x3 main.o
                0x00800a68                alarme_high
 .bss.out       0x00800a6b        0x3 main.o
                0x00800a6b                out
 .bss.consigne  0x00800a6e        0x3 main.o
                0x00800a6e                consigne
 .bss.hour      0x00800a71        0x6 main.o
                0x00800a71                hour
 .bss.idxbufRS232
                0x00800a77        0x1 OS.o
                0x00800a77                idxbufRS232
 *(COMMON)
 COMMON         0x00800a78       0xa0 EEPROM_routines.o
                0x00800a78                data_array
 COMMON         0x00800b18        0x2 lcd_driver_KS0107.o
                0x00800b18                LCD_currentX
                0x00800b19                LCD_currentY
 COMMON         0x00800b1a        0x7 main.o
                0x00800b1a                IDCB_Clignotement_date
                0x00800b1b                IDCB_Clignotement_consigne
                0x00800b1c                IDCB_Desactivation_boutton
                0x00800b1d                IDCB_Clignotement_heure
                0x00800b1e                IDCB_Clignotement_bp
                0x00800b1f                IDCB_Switch_Led
                0x00800b20                IDCB_Clignotement_ti
 COMMON         0x00800b21       0xb9 OS.o
                0x00800b21                Previous_Button
                0x00800b22                Button
                0x00800b23                state
                0x00800b24                TempsCB
                0x00800b38                TickCB
                0x00800b4c                bufRS232
                0x00800bb0                MaCBButton
                0x00800bb2                USARTReception
                0x00800bb3                MaCB
                0x00800bc7                MaCBUSART
                0x00800bc9                Message_LCD
                0x00800bda                PROVIDE (__bss_end, .)
                0x00004d2a                __data_load_start = LOADADDR (.data)
                0x000055a6                __data_load_end = (__data_load_start + SIZEOF (.data))

.noinit         0x00800bda        0x0
                [!provide]                PROVIDE (__noinit_start, .)
 *(.noinit*)
                [!provide]                PROVIDE (__noinit_end, .)
                0x00800bda                _end = .
                [!provide]                PROVIDE (__heap_start, .)

.eeprom         0x00810000        0x0
 *(.eeprom*)
                0x00810000                __eeprom_end = .

.fuse
 *(.fuse)
 *(.lfuse)
 *(.hfuse)
 *(.efuse)

.lock
 *(.lock*)

.signature
 *(.signature*)

.user_signatures
 *(.user_signatures*)

.stab
 *(.stab)

.stabstr
 *(.stabstr)

.stab.excl
 *(.stab.excl)

.stab.exclstr
 *(.stab.exclstr)

.stab.index
 *(.stab.index)

.stab.indexstr
 *(.stab.indexstr)

.comment        0x00000000       0x30
 *(.comment)
 .comment       0x00000000       0x30 EEPROM_read.o
                                 0x31 (size before relaxing)
 .comment       0x00000030       0x31 EEPROM_routines.o
 .comment       0x00000030       0x31 EEPROM_save.o
 .comment       0x00000030       0x31 hardware.o
 .comment       0x00000030       0x31 i2c_routines.o
 .comment       0x00000030       0x31 lcd_driver_KS0107.o
 .comment       0x00000030       0x31 lcd_graphics.o
 .comment       0x00000030       0x31 main.o
 .comment       0x00000030       0x31 OS.o
 .comment       0x00000030       0x31 TIMERS.o
 .comment       0x00000030       0x31 USART.o

.note.gnu.avr.deviceinfo
                0x00000000       0x40
 .note.gnu.avr.deviceinfo
                0x00000000       0x40 C:/Program Files (x86)/Atmel/Studio/7.0/Packs/atmel/ATmega_DFP/1.0.106/gcc/dev/atmega1284p/avr51/crtatmega1284p.o

.note.gnu.build-id
 *(.note.gnu.build-id)

.debug
 *(.debug)

.line
 *(.line)

.debug_srcinfo
 *(.debug_srcinfo)

.debug_sfnames
 *(.debug_sfnames)

.debug_aranges  0x00000000      0x610
 *(.debug_aranges)
 .debug_aranges
                0x00000000       0x80 EEPROM_read.o
 .debug_aranges
                0x00000080       0x28 EEPROM_routines.o
 .debug_aranges
                0x000000a8       0x80 EEPROM_save.o
 .debug_aranges
                0x00000128       0x28 hardware.o
 .debug_aranges
                0x00000150       0x58 i2c_routines.o
 .debug_aranges
                0x000001a8      0x110 lcd_driver_KS0107.o
 .debug_aranges
                0x000002b8       0xc0 lcd_graphics.o
 .debug_aranges
                0x00000378      0x1d0 main.o
 .debug_aranges
                0x00000548       0x68 OS.o
 .debug_aranges
                0x000005b0       0x20 TIMERS.o
 .debug_aranges
                0x000005d0       0x40 USART.o

.debug_pubnames
 *(.debug_pubnames)

.debug_info     0x00000000     0xb909
 *(.debug_info .gnu.linkonce.wi.*)
 .debug_info    0x00000000      0x421 EEPROM_read.o
 .debug_info    0x00000421      0x501 EEPROM_routines.o
 .debug_info    0x00000922      0x421 EEPROM_save.o
 .debug_info    0x00000d43       0x99 hardware.o
 .debug_info    0x00000ddc      0x18a i2c_routines.o
 .debug_info    0x00000f66      0xa8b lcd_driver_KS0107.o
 .debug_info    0x000019f1     0x12d1 lcd_graphics.o
 .debug_info    0x00002cc2     0x8219 main.o
 .debug_info    0x0000aedb      0x842 OS.o
 .debug_info    0x0000b71d       0x83 TIMERS.o
 .debug_info    0x0000b7a0      0x169 USART.o

.debug_abbrev   0x00000000      0xf11
 *(.debug_abbrev)
 .debug_abbrev  0x00000000       0xab EEPROM_read.o
 .debug_abbrev  0x000000ab      0x134 EEPROM_routines.o
 .debug_abbrev  0x000001df       0xab EEPROM_save.o
 .debug_abbrev  0x0000028a       0x51 hardware.o
 .debug_abbrev  0x000002db       0xb2 i2c_routines.o
 .debug_abbrev  0x0000038d      0x1f0 lcd_driver_KS0107.o
 .debug_abbrev  0x0000057d      0x21f lcd_graphics.o
 .debug_abbrev  0x0000079c      0x376 main.o
 .debug_abbrev  0x00000b12      0x29e OS.o
 .debug_abbrev  0x00000db0       0x51 TIMERS.o
 .debug_abbrev  0x00000e01      0x110 USART.o

.debug_line     0x00000000     0x4bd8
 *(.debug_line .debug_line.* .debug_line_end)
 .debug_line    0x00000000      0x681 EEPROM_read.o
 .debug_line    0x00000681      0x264 EEPROM_routines.o
 .debug_line    0x000008e5      0x681 EEPROM_save.o
 .debug_line    0x00000f66       0xd3 hardware.o
 .debug_line    0x00001039      0x24f i2c_routines.o
 .debug_line    0x00001288      0x685 lcd_driver_KS0107.o
 .debug_line    0x0000190d      0x750 lcd_graphics.o
 .debug_line    0x0000205d     0x242c main.o
 .debug_line    0x00004489      0x532 OS.o
 .debug_line    0x000049bb       0xbb TIMERS.o
 .debug_line    0x00004a76      0x162 USART.o

.debug_frame    0x00000000     0x1224
 *(.debug_frame)
 .debug_frame   0x00000000       0xe4 EEPROM_read.o
 .debug_frame   0x000000e4       0x84 EEPROM_routines.o
 .debug_frame   0x00000168       0xe4 EEPROM_save.o
 .debug_frame   0x0000024c       0x34 hardware.o
 .debug_frame   0x00000280       0x94 i2c_routines.o
 .debug_frame   0x00000314      0x2ac lcd_driver_KS0107.o
 .debug_frame   0x000005c0      0x3e8 lcd_graphics.o
 .debug_frame   0x000009a8      0x650 main.o
 .debug_frame   0x00000ff8      0x180 OS.o
 .debug_frame   0x00001178       0x24 TIMERS.o
 .debug_frame   0x0000119c       0x88 USART.o

.debug_str      0x00000000     0x1084
 *(.debug_str)
 .debug_str     0x00000000      0x29c EEPROM_read.o
                                0x32e (size before relaxing)
 .debug_str     0x0000029c       0xe6 EEPROM_routines.o
                                0x29e (size before relaxing)
 .debug_str     0x00000382      0x11d EEPROM_save.o
                                0x32f (size before relaxing)
 .debug_str     0x0000049f       0x3c hardware.o
                                0x1cf (size before relaxing)
 .debug_str     0x000004db       0x2c i2c_routines.o
                                0x235 (size before relaxing)
 .debug_str     0x00000507      0x221 lcd_driver_KS0107.o
                                0x3dc (size before relaxing)
 .debug_str     0x00000728      0x1c1 lcd_graphics.o
                                0x3ea (size before relaxing)
 .debug_str     0x000008e9      0x574 main.o
                                0xa54 (size before relaxing)
 .debug_str     0x00000e5d      0x1ee OS.o
                                0x469 (size before relaxing)
 .debug_str     0x0000104b        0xe TIMERS.o
                                0x1b9 (size before relaxing)
 .debug_str     0x00001059       0x2b USART.o
                                0x201 (size before relaxing)

.debug_loc      0x00000000     0x5c15
 *(.debug_loc)
 .debug_loc     0x00000000      0x3b4 EEPROM_routines.o
 .debug_loc     0x000003b4       0x5a i2c_routines.o
 .debug_loc     0x0000040e      0x918 lcd_driver_KS0107.o
 .debug_loc     0x00000d26     0x2268 lcd_graphics.o
 .debug_loc     0x00002f8e     0x2509 main.o
 .debug_loc     0x00005497      0x687 OS.o
 .debug_loc     0x00005b1e       0xf7 USART.o

.debug_macinfo
 *(.debug_macinfo)

.debug_weaknames
 *(.debug_weaknames)

.debug_funcnames
 *(.debug_funcnames)

.debug_typenames
 *(.debug_typenames)

.debug_varnames
 *(.debug_varnames)

.debug_pubtypes
 *(.debug_pubtypes)

.debug_ranges   0x00000000      0x5d0
 *(.debug_ranges)
 .debug_ranges  0x00000000       0x70 EEPROM_read.o
 .debug_ranges  0x00000070       0x18 EEPROM_routines.o
 .debug_ranges  0x00000088       0x70 EEPROM_save.o
 .debug_ranges  0x000000f8       0x18 hardware.o
 .debug_ranges  0x00000110       0x48 i2c_routines.o
 .debug_ranges  0x00000158      0x118 lcd_driver_KS0107.o
 .debug_ranges  0x00000270       0xc8 lcd_graphics.o
 .debug_ranges  0x00000338      0x1c0 main.o
 .debug_ranges  0x000004f8       0x98 OS.o
 .debug_ranges  0x00000590       0x10 TIMERS.o
 .debug_ranges  0x000005a0       0x30 USART.o

.debug_macro
 *(.debug_macro)
OUTPUT(NIV2_B_2016.elf elf32-avr)
LOAD linker stubs
